2025-06-15 14:19:04,313 INFO o.a.j.u.JMeterUtils: Setting Locale to en_EN
2025-06-15 14:19:04,349 INFO o.a.j.JMeter: Loading user properties from: user.properties
2025-06-15 14:19:04,350 INFO o.a.j.JMeter: Loading system properties from: system.properties
2025-06-15 14:19:04,353 INFO o.a.j.JMeter: Copyright (c) 1998-2024 The Apache Software Foundation
2025-06-15 14:19:04,353 INFO o.a.j.JMeter: Version 5.6.3
2025-06-15 14:19:04,353 INFO o.a.j.JMeter: java.version=21.0.2
2025-06-15 14:19:04,353 INFO o.a.j.JMeter: java.vm.name=Java HotSpot(TM) 64-Bit Server VM
2025-06-15 14:19:04,353 INFO o.a.j.JMeter: os.name=Mac OS X
2025-06-15 14:19:04,353 INFO o.a.j.JMeter: os.arch=aarch64
2025-06-15 14:19:04,353 INFO o.a.j.JMeter: os.version=15.5
2025-06-15 14:19:04,353 INFO o.a.j.JMeter: file.encoding=UTF-8
2025-06-15 14:19:04,353 INFO o.a.j.JMeter: java.awt.headless=null
2025-06-15 14:19:04,353 INFO o.a.j.JMeter: Max memory     =1073741824
2025-06-15 14:19:04,353 INFO o.a.j.JMeter: Available Processors =8
2025-06-15 14:19:04,358 INFO o.a.j.JMeter: Default Locale=English (EN)
2025-06-15 14:19:04,358 INFO o.a.j.JMeter: JMeter  Locale=English (EN)
2025-06-15 14:19:04,358 INFO o.a.j.JMeter: JMeterHome=/Users/vrishabendrahombal/Documents/Automation_Vrishab/apache-jmeter-5.6.3 2
2025-06-15 14:19:04,358 INFO o.a.j.JMeter: user.dir  =/Users/vrishabendrahombal/Documents/Automation_Vrishab/apache-jmeter-5.6.3 2/bin
2025-06-15 14:19:04,358 INFO o.a.j.JMeter: PWD       =/Users/vrishabendrahombal/Documents/Automation_Vrishab/apache-jmeter-5.6.3 2/bin
2025-06-15 14:19:04,360 INFO o.a.j.JMeter: IP: 127.0.0.1 Name: ZWBLR-LP1647.local FullName: localhost
2025-06-15 14:19:04,367 INFO o.a.j.JMeter: Loaded icon properties from org/apache/jmeter/images/icon.properties
2025-06-15 14:19:04,839 INFO o.a.j.JMeterGuiLauncher: Setting LAF to: com.github.weisj.darklaf.DarkLaf:com.github.weisj.darklaf.theme.DarculaTheme
